space-time training ground-truth snapshots, 5 levels x 10368 samples, 6s
MEAN=0.0052 SV=0.2338 (terminal statistics)
prop table saved to prop_table_1d_na41_ns41_Nt80_M1600_T0.0030.npz
prop table saved to prop_table_1d_na41_ns41_Nt160_M1600_T0.0060.npz
prop table saved to prop_table_1d_na41_ns41_Nt240_M1600_T0.0090.npz
prop table saved to prop_table_1d_na41_ns41_Nt320_M1600_T0.0120.npz
  [FrFNO ] train 248s params 1881.0K
  [FNO   ] train 160s params 1880.1K
  [PINO  ] train 159s params 1880.1K (space-timeCaputocollocation)

== terminal 17^2(train) ==
  FrFNO  3.892%
  FNO    3.318%
  PINO   3.401%
prop table saved to prop_table_1d_na41_ns41_Nt160_M1600_T0.0030.npz
prop table saved to prop_table_1d_na41_ns41_Nt320_M1600_T0.0060.npz
prop table saved to prop_table_1d_na41_ns41_Nt480_M1600_T0.0090.npz
prop table saved to prop_table_1d_na41_ns41_Nt640_M1600_T0.0120.npz

== terminal 65^2(zero-shot) ==
  FrFNO  7.746%
  FNO    18.916%
  PINO   21.132%
prop table saved to prop_table_1d_na41_ns41_Nt320_M1600_T0.0030.npz
prop table saved to prop_table_1d_na41_ns41_Nt640_M1600_T0.0060.npz
prop table saved to prop_table_1d_na41_ns41_Nt960_M1600_T0.0090.npz
prop table saved to prop_table_1d_na41_ns41_Nt1280_M1600_T0.0120.npz

== terminal 129^2(zero-shot) ==
  FrFNO  9.072%
  FNO    21.252%
  PINO   24.392%

===== space-time terminal relL2(%) =====
resolution       FrFNO       FNO      PINO
17^2        3.892%    3.318%    3.401%
65^2        7.746%   18.916%   21.132%
129^2       9.072%   21.252%   24.392%
